Archive member included to satisfy reference by file (symbol)

/opt/st/stm32cubeide_1.4.0_2/plugins/com.st.stm32cube.ide.mcu.externaltools.gnu-tools-for-stm32.7-2018-q2-update.linux64_1.4.0.202007081208/tools/bin/../lib/gcc/arm-none-eabi/7.3.1/../../../../arm-none-eabi/lib/thumb/v7e-m/fpv4-sp/hard/libc_nano.a(lib_a-errno.o)
                              Core/Src/syscalls.o (__errno)
/opt/st/stm32cubeide_1.4.0_2/plugins/com.st.stm32cube.ide.mcu.externaltools.gnu-tools-for-stm32.7-2018-q2-update.linux64_1.4.0.202007081208/tools/bin/../lib/gcc/arm-none-eabi/7.3.1/../../../../arm-none-eabi/lib/thumb/v7e-m/fpv4-sp/hard/libc_nano.a(lib_a-exit.o)
                              /opt/st/stm32cubeide_1.4.0_2/plugins/com.st.stm32cube.ide.mcu.externaltools.gnu-tools-for-stm32.7-2018-q2-update.linux64_1.4.0.202007081208/tools/bin/../lib/gcc/arm-none-eabi/7.3.1/../../../../arm-none-eabi/lib/thumb/v7e-m/fpv4-sp/hard/crt0.o (exit)
/opt/st/stm32cubeide_1.4.0_2/plugins/com.st.stm32cube.ide.mcu.externaltools.gnu-tools-for-stm32.7-2018-q2-update.linux64_1.4.0.202007081208/tools/bin/../lib/gcc/arm-none-eabi/7.3.1/../../../../arm-none-eabi/lib/thumb/v7e-m/fpv4-sp/hard/libc_nano.a(lib_a-impure.o)
                              /opt/st/stm32cubeide_1.4.0_2/plugins/com.st.stm32cube.ide.mcu.externaltools.gnu-tools-for-stm32.7-2018-q2-update.linux64_1.4.0.202007081208/tools/bin/../lib/gcc/arm-none-eabi/7.3.1/../../../../arm-none-eabi/lib/thumb/v7e-m/fpv4-sp/hard/libc_nano.a(lib_a-exit.o) (_global_impure_ptr)
/opt/st/stm32cubeide_1.4.0_2/plugins/com.st.stm32cube.ide.mcu.externaltools.gnu-tools-for-stm32.7-2018-q2-update.linux64_1.4.0.202007081208/tools/bin/../lib/gcc/arm-none-eabi/7.3.1/../../../../arm-none-eabi/lib/thumb/v7e-m/fpv4-sp/hard/libc_nano.a(lib_a-init.o)
                              /opt/st/stm32cubeide_1.4.0_2/plugins/com.st.stm32cube.ide.mcu.externaltools.gnu-tools-for-stm32.7-2018-q2-update.linux64_1.4.0.202007081208/tools/bin/../lib/gcc/arm-none-eabi/7.3.1/../../../../arm-none-eabi/lib/thumb/v7e-m/fpv4-sp/hard/crt0.o (__libc_init_array)
/opt/st/stm32cubeide_1.4.0_2/plugins/com.st.stm32cube.ide.mcu.externaltools.gnu-tools-for-stm32.7-2018-q2-update.linux64_1.4.0.202007081208/tools/bin/../lib/gcc/arm-none-eabi/7.3.1/../../../../arm-none-eabi/lib/thumb/v7e-m/fpv4-sp/hard/libc_nano.a(lib_a-memset.o)
                              /opt/st/stm32cubeide_1.4.0_2/plugins/com.st.stm32cube.ide.mcu.externaltools.gnu-tools-for-stm32.7-2018-q2-update.linux64_1.4.0.202007081208/tools/bin/../lib/gcc/arm-none-eabi/7.3.1/../../../../arm-none-eabi/lib/thumb/v7e-m/fpv4-sp/hard/crt0.o (memset)
/opt/st/stm32cubeide_1.4.0_2/plugins/com.st.stm32cube.ide.mcu.externaltools.gnu-tools-for-stm32.7-2018-q2-update.linux64_1.4.0.202007081208/tools/bin/../lib/gcc/arm-none-eabi/7.3.1/thumb/v7e-m/fpv4-sp/hard/libgcc.a(_aeabi_uldivmod.o)
                              Drivers/STM32F7xx_HAL_Driver/Src/stm32f7xx_hal_rcc.o (__aeabi_uldivmod)
/opt/st/stm32cubeide_1.4.0_2/plugins/com.st.stm32cube.ide.mcu.externaltools.gnu-tools-for-stm32.7-2018-q2-update.linux64_1.4.0.202007081208/tools/bin/../lib/gcc/arm-none-eabi/7.3.1/thumb/v7e-m/fpv4-sp/hard/libgcc.a(_udivmoddi4.o)
                              /opt/st/stm32cubeide_1.4.0_2/plugins/com.st.stm32cube.ide.mcu.externaltools.gnu-tools-for-stm32.7-2018-q2-update.linux64_1.4.0.202007081208/tools/bin/../lib/gcc/arm-none-eabi/7.3.1/thumb/v7e-m/fpv4-sp/hard/libgcc.a(_aeabi_uldivmod.o) (__udivmoddi4)
/opt/st/stm32cubeide_1.4.0_2/plugins/com.st.stm32cube.ide.mcu.externaltools.gnu-tools-for-stm32.7-2018-q2-update.linux64_1.4.0.202007081208/tools/bin/../lib/gcc/arm-none-eabi/7.3.1/thumb/v7e-m/fpv4-sp/hard/libgcc.a(_dvmd_tls.o)
                              /opt/st/stm32cubeide_1.4.0_2/plugins/com.st.stm32cube.ide.mcu.externaltools.gnu-tools-for-stm32.7-2018-q2-update.linux64_1.4.0.202007081208/tools/bin/../lib/gcc/arm-none-eabi/7.3.1/thumb/v7e-m/fpv4-sp/hard/libgcc.a(_aeabi_uldivmod.o) (__aeabi_ldiv0)

Allocating common symbols
Common symbol       size              file

g_pin3Fifo          0x10              Core/Src/main.o
g_fifo              0x10              Core/Src/main.o
g_commandParser     0x8               Core/Src/main.o
uwTick              0x4               Drivers/STM32F7xx_HAL_Driver/Src/stm32f7xx_hal.o
pFlash              0x1c              Drivers/STM32F7xx_HAL_Driver/Src/stm32f7xx_hal_flash.o
timeDelayFifo       0x10              Core/Src/main.o
g_pin7Fifo          0x10              Core/Src/main.o
g_pin2Fifo          0x10              Core/Src/main.o
g_pin5Fifo          0x10              Core/Src/main.o
g_pin1Fifo          0x10              Core/Src/main.o
huart6              0x80              Core/Src/usart.o
g_pin6Fifo          0x10              Core/Src/main.o
g_pin0Fifo          0x10              Core/Src/main.o
g_pin4Fifo          0x10              Core/Src/main.o

Discarded input sections

[...]
Memory Configuration

Name             Origin             Length             Attributes
RAM              0x0000000020000000 0x0000000000040000 xrw
FLASH            0x0000000008000000 0x0000000000080000 xr
*default*        0x0000000000000000 0xffffffffffffffff

Linker script and memory map

LOAD /opt/st/stm32cubeide_1.4.0_2/plugins/com.st.stm32cube.ide.mcu.externaltools.gnu-tools-for-stm32.7-2018-q2-update.linux64_1.4.0.202007081208/tools/bin/../lib/gcc/arm-none-eabi/7.3.1/thumb/v7e-m/fpv4-sp/hard/crti.o
LOAD /opt/st/stm32cubeide_1.4.0_2/plugins/com.st.stm32cube.ide.mcu.externaltools.gnu-tools-for-stm32.7-2018-q2-update.linux64_1.4.0.202007081208/tools/bin/../lib/gcc/arm-none-eabi/7.3.1/thumb/v7e-m/fpv4-sp/hard/crtbegin.o
LOAD /opt/st/stm32cubeide_1.4.0_2/plugins/com.st.stm32cube.ide.mcu.externaltools.gnu-tools-for-stm32.7-2018-q2-update.linux64_1.4.0.202007081208/tools/bin/../lib/gcc/arm-none-eabi/7.3.1/../../../../arm-none-eabi/lib/thumb/v7e-m/fpv4-sp/hard/crt0.o
LOAD Core/Src/commandparser.o
LOAD Core/Src/fifo.o
LOAD Core/Src/gpio.o
LOAD Core/Src/main.o
LOAD Core/Src/stm32f7xx_hal_msp.o
LOAD Core/Src/stm32f7xx_it.o
LOAD Core/Src/syscalls.o
LOAD Core/Src/sysmem.o
LOAD Core/Src/system_stm32f7xx.o
LOAD Core/Src/usart.o
LOAD Core/Startup/startup_stm32f723iekx.o
LOAD Drivers/STM32F7xx_HAL_Driver/Src/stm32f7xx_hal.o
LOAD Drivers/STM32F7xx_HAL_Driver/Src/stm32f7xx_hal_cortex.o
LOAD Drivers/STM32F7xx_HAL_Driver/Src/stm32f7xx_hal_dma.o
LOAD Drivers/STM32F7xx_HAL_Driver/Src/stm32f7xx_hal_dma_ex.o
LOAD Drivers/STM32F7xx_HAL_Driver/Src/stm32f7xx_hal_exti.o
LOAD Drivers/STM32F7xx_HAL_Driver/Src/stm32f7xx_hal_flash.o
LOAD Drivers/STM32F7xx_HAL_Driver/Src/stm32f7xx_hal_flash_ex.o
LOAD Drivers/STM32F7xx_HAL_Driver/Src/stm32f7xx_hal_gpio.o
LOAD Drivers/STM32F7xx_HAL_Driver/Src/stm32f7xx_hal_i2c.o
LOAD Drivers/STM32F7xx_HAL_Driver/Src/stm32f7xx_hal_i2c_ex.o
LOAD Drivers/STM32F7xx_HAL_Driver/Src/stm32f7xx_hal_pwr.o
LOAD Drivers/STM32F7xx_HAL_Driver/Src/stm32f7xx_hal_pwr_ex.o
LOAD Drivers/STM32F7xx_HAL_Driver/Src/stm32f7xx_hal_rcc.o
LOAD Drivers/STM32F7xx_HAL_Driver/Src/stm32f7xx_hal_rcc_ex.o
LOAD Drivers/STM32F7xx_HAL_Driver/Src/stm32f7xx_hal_tim.o
LOAD Drivers/STM32F7xx_HAL_Driver/Src/stm32f7xx_hal_tim_ex.o
LOAD Drivers/STM32F7xx_HAL_Driver/Src/stm32f7xx_hal_uart.o
LOAD Drivers/STM32F7xx_HAL_Driver/Src/stm32f7xx_hal_uart_ex.o
START GROUP
LOAD /opt/st/stm32cubeide_1.4.0_2/plugins/com.st.stm32cube.ide.mcu.externaltools.gnu-tools-for-stm32.7-2018-q2-update.linux64_1.4.0.202007081208/tools/bin/../lib/gcc/arm-none-eabi/7.3.1/../../../../arm-none-eabi/lib/thumb/v7e-m/fpv4-sp/hard/libc_nano.a
LOAD /opt/st/stm32cubeide_1.4.0_2/plugins/com.st.stm32cube.ide.mcu.externaltools.gnu-tools-for-stm32.7-2018-q2-update.linux64_1.4.0.202007081208/tools/bin/../lib/gcc/arm-none-eabi/7.3.1/../../../../arm-none-eabi/lib/thumb/v7e-m/fpv4-sp/hard/libm.a
END GROUP
START GROUP
LOAD /opt/st/stm32cubeide_1.4.0_2/plugins/com.st.stm32cube.ide.mcu.externaltools.gnu-tools-for-stm32.7-2018-q2-update.linux64_1.4.0.202007081208/tools/bin/../lib/gcc/arm-none-eabi/7.3.1/thumb/v7e-m/fpv4-sp/hard/libgcc.a
LOAD /opt/st/stm32cubeide_1.4.0_2/plugins/com.st.stm32cube.ide.mcu.externaltools.gnu-tools-for-stm32.7-2018-q2-update.linux64_1.4.0.202007081208/tools/bin/../lib/gcc/arm-none-eabi/7.3.1/../../../../arm-none-eabi/lib/thumb/v7e-m/fpv4-sp/hard/libc_nano.a
END GROUP
START GROUP
LOAD /opt/st/stm32cubeide_1.4.0_2/plugins/com.st.stm32cube.ide.mcu.externaltools.gnu-tools-for-stm32.7-2018-q2-update.linux64_1.4.0.202007081208/tools/bin/../lib/gcc/arm-none-eabi/7.3.1/thumb/v7e-m/fpv4-sp/hard/libgcc.a
LOAD /opt/st/stm32cubeide_1.4.0_2/plugins/com.st.stm32cube.ide.mcu.externaltools.gnu-tools-for-stm32.7-2018-q2-update.linux64_1.4.0.202007081208/tools/bin/../lib/gcc/arm-none-eabi/7.3.1/../../../../arm-none-eabi/lib/thumb/v7e-m/fpv4-sp/hard/libc_nano.a
LOAD /opt/st/stm32cubeide_1.4.0_2/plugins/com.st.stm32cube.ide.mcu.externaltools.gnu-tools-for-stm32.7-2018-q2-update.linux64_1.4.0.202007081208/tools/bin/../lib/gcc/arm-none-eabi/7.3.1/../../../../arm-none-eabi/lib/thumb/v7e-m/fpv4-sp/hard/libnosys.a
END GROUP
START GROUP
LOAD /opt/st/stm32cubeide_1.4.0_2/plugins/com.st.stm32cube.ide.mcu.externaltools.gnu-tools-for-stm32.7-2018-q2-update.linux64_1.4.0.202007081208/tools/bin/../lib/gcc/arm-none-eabi/7.3.1/thumb/v7e-m/fpv4-sp/hard/libgcc.a
LOAD /opt/st/stm32cubeide_1.4.0_2/plugins/com.st.stm32cube.ide.mcu.externaltools.gnu-tools-for-stm32.7-2018-q2-update.linux64_1.4.0.202007081208/tools/bin/../lib/gcc/arm-none-eabi/7.3.1/../../../../arm-none-eabi/lib/thumb/v7e-m/fpv4-sp/hard/libc_nano.a
LOAD /opt/st/stm32cubeide_1.4.0_2/plugins/com.st.stm32cube.ide.mcu.externaltools.gnu-tools-for-stm32.7-2018-q2-update.linux64_1.4.0.202007081208/tools/bin/../lib/gcc/arm-none-eabi/7.3.1/../../../../arm-none-eabi/lib/thumb/v7e-m/fpv4-sp/hard/libnosys.a
END GROUP
LOAD /opt/st/stm32cubeide_1.4.0_2/plugins/com.st.stm32cube.ide.mcu.externaltools.gnu-tools-for-stm32.7-2018-q2-update.linux64_1.4.0.202007081208/tools/bin/../lib/gcc/arm-none-eabi/7.3.1/thumb/v7e-m/fpv4-sp/hard/crtend.o
LOAD /opt/st/stm32cubeide_1.4.0_2/plugins/com.st.stm32cube.ide.mcu.externaltools.gnu-tools-for-stm32.7-2018-q2-update.linux64_1.4.0.202007081208/tools/bin/../lib/gcc/arm-none-eabi/7.3.1/thumb/v7e-m/fpv4-sp/hard/crtn.o
                0x0000000020040000                _estack = (ORIGIN (RAM) + LENGTH (RAM))
                0x0000000000000200                _Min_Heap_Size = 0x200
                0x0000000000000400                _Min_Stack_Size = 0x400

.isr_vector     0x0000000008000000      0x1e0
                0x0000000008000000                . = ALIGN (0x4)
 *(.isr_vector)
 .isr_vector    0x0000000008000000      0x1e0 Core/Startup/startup_stm32f723iekx.o
                0x0000000008000000                g_pfnVectors
                0x00000000080001e0                . = ALIGN (0x4)

.text           0x00000000080001e0     0x3730
                0x00000000080001e0                . = ALIGN (0x4)
 *(.text)
 .text          0x00000000080001e0       0x40 /opt/st/stm32cubeide_1.4.0_2/plugins/com.st.stm32cube.ide.mcu.externaltools.gnu-tools-for-stm32.7-2018-q2-update.linux64_1.4.0.202007081208/tools/bin/../lib/gcc/arm-none-eabi/7.3.1/thumb/v7e-m/fpv4-sp/hard/crtbegin.o
 .text          0x0000000008000220       0x30 /opt/st/stm32cubeide_1.4.0_2/plugins/com.st.stm32cube.ide.mcu.externaltools.gnu-tools-for-stm32.7-2018-q2-update.linux64_1.4.0.202007081208/tools/bin/../lib/gcc/arm-none-eabi/7.3.1/thumb/v7e-m/fpv4-sp/hard/libgcc.a(_aeabi_uldivmod.o)
                0x0000000008000220                __aeabi_uldivmod
 .text          0x0000000008000250      0x2cc /opt/st/stm32cubeide_1.4.0_2/plugins/com.st.stm32cube.ide.mcu.externaltools.gnu-tools-for-stm32.7-2018-q2-update.linux64_1.4.0.202007081208/tools/bin/../lib/gcc/arm-none-eabi/7.3.1/thumb/v7e-m/fpv4-sp/hard/libgcc.a(_udivmoddi4.o)
                0x0000000008000250                __udivmoddi4
 .text          0x000000000800051c        0x4 /opt/st/stm32cubeide_1.4.0_2/plugins/com.st.stm32cube.ide.mcu.externaltools.gnu-tools-for-stm32.7-2018-q2-update.linux64_1.4.0.202007081208/tools/bin/../lib/gcc/arm-none-eabi/7.3.1/thumb/v7e-m/fpv4-sp/hard/libgcc.a(_dvmd_tls.o)
                0x000000000800051c                __aeabi_ldiv0
                0x000000000800051c                __aeabi_idiv0
 *(.text*)
 .text.CommandParser_init
                0x0000000008000520       0x40 Core/Src/commandparser.o
                0x0000000008000520                CommandParser_init
 .text.CommandParser_getCommand
                0x0000000008000560       0x9a Core/Src/commandparser.o
                0x0000000008000560                CommandParser_getCommand
 .text.Fifo_init
                0x00000000080005fa       0x30 Core/Src/fifo.o
                0x00000000080005fa                Fifo_init
 .text.Fifo_push
                0x000000000800062a       0x3e Core/Src/fifo.o
                0x000000000800062a                Fifo_push
 .text.Fifo_pop
                0x0000000008000668       0x40 Core/Src/fifo.o
                0x0000000008000668                Fifo_pop
 .text.Fifo_isEmpty
                0x00000000080006a8       0x26 Core/Src/fifo.o
                0x00000000080006a8                Fifo_isEmpty
 *fill*         0x00000000080006ce        0x2 
 .text.MX_GPIO_Init
                0x00000000080006d0      0x128 Core/Src/gpio.o
                0x00000000080006d0                MX_GPIO_Init
 .text.main     0x00000000080007f8      0x180 Core/Src/main.o
                0x00000000080007f8                main
 .text.SystemClock_Config
                0x0000000008000978      0x120 Core/Src/main.o
                0x0000000008000978                SystemClock_Config
 .text.HAL_UART_RxCpltCallback
                0x0000000008000a98       0x3c Core/Src/main.o
                0x0000000008000a98                HAL_UART_RxCpltCallback
 .text.ExecuteTimedSequence
                0x0000000008000ad4      0x138 Core/Src/main.o
                0x0000000008000ad4                ExecuteTimedSequence
 .text.SetPersistentState
                0x0000000008000c0c       0xe0 Core/Src/main.o
                0x0000000008000c0c                SetPersistentState
 .text.Release  0x0000000008000cec       0x64 Core/Src/main.o
                0x0000000008000cec                Release
 .text.EndSends
                0x0000000008000d50      0x164 Core/Src/main.o
                0x0000000008000d50                EndSends
 .text.SendResponse
                0x0000000008000eb4       0x34 Core/Src/main.o
                0x0000000008000eb4                SendResponse
 .text.PinHigh  0x0000000008000ee8       0x48 Core/Src/main.o
                0x0000000008000ee8                PinHigh
 .text.PinLow   0x0000000008000f30       0x48 Core/Src/main.o
                0x0000000008000f30                PinLow
 .text.PinReset
                0x0000000008000f78       0x3c Core/Src/main.o
                0x0000000008000f78                PinReset
 .text.SetPin   0x0000000008000fb4       0x5c Core/Src/main.o
                0x0000000008000fb4                SetPin
 .text.Error_Handler
                0x0000000008001010        0xe Core/Src/main.o
                0x0000000008001010                Error_Handler
 *fill*         0x000000000800101e        0x2 
 .text.HAL_MspInit
                0x0000000008001020       0x48 Core/Src/stm32f7xx_hal_msp.o
                0x0000000008001020                HAL_MspInit
 .text.NMI_Handler
                0x0000000008001068        0xe Core/Src/stm32f7xx_it.o
                0x0000000008001068                NMI_Handler
 .text.HardFault_Handler
                0x0000000008001076        0x6 Core/Src/stm32f7xx_it.o
                0x0000000008001076                HardFault_Handler
 .text.MemManage_Handler
                0x000000000800107c        0x6 Core/Src/stm32f7xx_it.o
                0x000000000800107c                MemManage_Handler
 .text.BusFault_Handler
                0x0000000008001082        0x6 Core/Src/stm32f7xx_it.o
                0x0000000008001082                BusFault_Handler
 .text.UsageFault_Handler
                0x0000000008001088        0x6 Core/Src/stm32f7xx_it.o
                0x0000000008001088                UsageFault_Handler
 .text.SVC_Handler
                0x000000000800108e        0xe Core/Src/stm32f7xx_it.o
                0x000000000800108e                SVC_Handler
 .text.DebugMon_Handler
                0x000000000800109c        0xe Core/Src/stm32f7xx_it.o
                0x000000000800109c                DebugMon_Handler
 .text.PendSV_Handler
                0x00000000080010aa        0xe Core/Src/stm32f7xx_it.o
                0x00000000080010aa                PendSV_Handler
 .text.SysTick_Handler
                0x00000000080010b8        0xc Core/Src/stm32f7xx_it.o
                0x00000000080010b8                SysTick_Handler
 .text.USART6_IRQHandler
                0x00000000080010c4       0x14 Core/Src/stm32f7xx_it.o
                0x00000000080010c4                USART6_IRQHandler
 .text.SystemInit
                0x00000000080010d8       0x2c Core/Src/system_stm32f7xx.o
                0x00000000080010d8                SystemInit
 .text.MX_USART6_UART_Init
                0x0000000008001104       0x60 Core/Src/usart.o
                0x0000000008001104                MX_USART6_UART_Init
 .text.HAL_UART_MspInit
                0x0000000008001164       0x98 Core/Src/usart.o
                0x0000000008001164                HAL_UART_MspInit
 .text.Reset_Handler
                0x00000000080011fc       0x50 Core/Startup/startup_stm32f723iekx.o
                0x00000000080011fc                Reset_Handler
 .text.Default_Handler
                0x000000000800124c        0x2 Core/Startup/startup_stm32f723iekx.o
                0x000000000800124c                RTC_Alarm_IRQHandler
                0x000000000800124c                EXTI2_IRQHandler
                0x000000000800124c                TIM8_CC_IRQHandler
                0x000000000800124c                UART8_IRQHandler
                0x000000000800124c                SPI4_IRQHandler
                0x000000000800124c                TIM1_CC_IRQHandler
                0x000000000800124c                DMA2_Stream5_IRQHandler
                0x000000000800124c                DMA1_Stream5_IRQHandler
                0x000000000800124c                PVD_IRQHandler
                0x000000000800124c                TAMP_STAMP_IRQHandler
                0x000000000800124c                EXTI3_IRQHandler
                0x000000000800124c                TIM8_TRG_COM_TIM14_IRQHandler
                0x000000000800124c                TIM1_UP_TIM10_IRQHandler
                0x000000000800124c                TIM8_UP_TIM13_IRQHandler
                0x000000000800124c                I2C3_ER_IRQHandler
                0x000000000800124c                EXTI0_IRQHandler
                0x000000000800124c                I2C2_EV_IRQHandler
                0x000000000800124c                DMA1_Stream2_IRQHandler
                0x000000000800124c                CAN1_RX0_IRQHandler
                0x000000000800124c                FPU_IRQHandler
                0x000000000800124c                OTG_HS_WKUP_IRQHandler
                0x000000000800124c                DMA2_Stream2_IRQHandler
                0x000000000800124c                SPI1_IRQHandler
                0x000000000800124c                TIM6_DAC_IRQHandler
                0x000000000800124c                TIM1_BRK_TIM9_IRQHandler
                0x000000000800124c                DMA2_Stream3_IRQHandler
                0x000000000800124c                SAI2_IRQHandler
                0x000000000800124c                USART3_IRQHandler
                0x000000000800124c                CAN1_RX1_IRQHandler
                0x000000000800124c                UART5_IRQHandler
                0x000000000800124c                DMA2_Stream0_IRQHandler
                0x000000000800124c                TIM4_IRQHandler
                0x000000000800124c                QUADSPI_IRQHandler
                0x000000000800124c                I2C1_EV_IRQHandler
                0x000000000800124c                DMA1_Stream6_IRQHandler
                0x000000000800124c                DMA1_Stream1_IRQHandler
                0x000000000800124c                UART4_IRQHandler
                0x000000000800124c                TIM3_IRQHandler
                0x000000000800124c                RCC_IRQHandler
                0x000000000800124c                TIM8_BRK_TIM12_IRQHandler
                0x000000000800124c                Default_Handler
                0x000000000800124c                EXTI15_10_IRQHandler
                0x000000000800124c                ADC_IRQHandler
                0x000000000800124c                DMA1_Stream7_IRQHandler
                0x000000000800124c                SPI5_IRQHandler
                0x000000000800124c                TIM7_IRQHandler
                0x000000000800124c                SDMMC1_IRQHandler
                0x000000000800124c                TIM5_IRQHandler
                0x000000000800124c                DMA2_Stream7_IRQHandler
                0x000000000800124c                I2C3_EV_IRQHandler
                0x000000000800124c                EXTI9_5_IRQHandler
                0x000000000800124c                RTC_WKUP_IRQHandler
                0x000000000800124c                SPI2_IRQHandler
                0x000000000800124c                OTG_HS_EP1_IN_IRQHandler
                0x000000000800124c                DMA1_Stream0_IRQHandler
                0x000000000800124c                CAN1_TX_IRQHandler
                0x000000000800124c                EXTI4_IRQHandler
                0x000000000800124c                RNG_IRQHandler
                0x000000000800124c                OTG_HS_EP1_OUT_IRQHandler
                0x000000000800124c                WWDG_IRQHandler
                0x000000000800124c                TIM2_IRQHandler
                0x000000000800124c                OTG_FS_WKUP_IRQHandler
                0x000000000800124c                TIM1_TRG_COM_TIM11_IRQHandler
                0x000000000800124c                OTG_HS_IRQHandler
                0x000000000800124c                EXTI1_IRQHandler
                0x000000000800124c                SDMMC2_IRQHandler
                0x000000000800124c                UART7_IRQHandler
                0x000000000800124c                USART2_IRQHandler
                0x000000000800124c                I2C2_ER_IRQHandler
                0x000000000800124c                DMA2_Stream1_IRQHandler
                0x000000000800124c                CAN1_SCE_IRQHandler
                0x000000000800124c                FLASH_IRQHandler
                0x000000000800124c                DMA2_Stream4_IRQHandler
                0x000000000800124c                USART1_IRQHandler
                0x000000000800124c                OTG_FS_IRQHandler
                0x000000000800124c                SPI3_IRQHandler
                0x000000000800124c                DMA1_Stream4_IRQHandler
                0x000000000800124c                I2C1_ER_IRQHandler
                0x000000000800124c                FMC_IRQHandler
                0x000000000800124c                LPTIM1_IRQHandler
                0x000000000800124c                DMA2_Stream6_IRQHandler
                0x000000000800124c                SAI1_IRQHandler
                0x000000000800124c                DMA1_Stream3_IRQHandler
 .text.HAL_Init
                0x000000000800124e       0x1a Drivers/STM32F7xx_HAL_Driver/Src/stm32f7xx_hal.o
                0x000000000800124e                HAL_Init
 .text.HAL_InitTick
                0x0000000008001268       0x60 Drivers/STM32F7xx_HAL_Driver/Src/stm32f7xx_hal.o
                0x0000000008001268                HAL_InitTick
 .text.HAL_IncTick
                0x00000000080012c8       0x28 Drivers/STM32F7xx_HAL_Driver/Src/stm32f7xx_hal.o
                0x00000000080012c8                HAL_IncTick
 .text.HAL_GetTick
                0x00000000080012f0       0x18 Drivers/STM32F7xx_HAL_Driver/Src/stm32f7xx_hal.o
                0x00000000080012f0                HAL_GetTick
 .text.HAL_Delay
                0x0000000008001308       0x44 Drivers/STM32F7xx_HAL_Driver/Src/stm32f7xx_hal.o
                0x0000000008001308                HAL_Delay
 .text.__NVIC_SetPriorityGrouping
                0x000000000800134c       0x48 Drivers/STM32F7xx_HAL_Driver/Src/stm32f7xx_hal_cortex.o
 .text.__NVIC_GetPriorityGrouping
                0x0000000008001394       0x1c Drivers/STM32F7xx_HAL_Driver/Src/stm32f7xx_hal_cortex.o
 .text.__NVIC_EnableIRQ
                0x00000000080013b0       0x3c Drivers/STM32F7xx_HAL_Driver/Src/stm32f7xx_hal_cortex.o
 .text.__NVIC_SetPriority
                0x00000000080013ec       0x54 Drivers/STM32F7xx_HAL_Driver/Src/stm32f7xx_hal_cortex.o
 .text.NVIC_EncodePriority
                0x0000000008001440       0x66 Drivers/STM32F7xx_HAL_Driver/Src/stm32f7xx_hal_cortex.o
 *fill*         0x00000000080014a6        0x2 
 .text.SysTick_Config
                0x00000000080014a8       0x44 Drivers/STM32F7xx_HAL_Driver/Src/stm32f7xx_hal_cortex.o
 .text.HAL_NVIC_SetPriorityGrouping
                0x00000000080014ec       0x16 Drivers/STM32F7xx_HAL_Driver/Src/stm32f7xx_hal_cortex.o
                0x00000000080014ec                HAL_NVIC_SetPriorityGrouping
 .text.HAL_NVIC_SetPriority
                0x0000000008001502       0x38 Drivers/STM32F7xx_HAL_Driver/Src/stm32f7xx_hal_cortex.o
                0x0000000008001502                HAL_NVIC_SetPriority
 .text.HAL_NVIC_EnableIRQ
                0x000000000800153a       0x1c Drivers/STM32F7xx_HAL_Driver/Src/stm32f7xx_hal_cortex.o
                0x000000000800153a                HAL_NVIC_EnableIRQ
 .text.HAL_SYSTICK_Config
                0x0000000008001556       0x18 Drivers/STM32F7xx_HAL_Driver/Src/stm32f7xx_hal_cortex.o
                0x0000000008001556                HAL_SYSTICK_Config
 .text.HAL_DMA_Abort_IT
                0x000000000800156e       0x44 Drivers/STM32F7xx_HAL_Driver/Src/stm32f7xx_hal_dma.o
                0x000000000800156e                HAL_DMA_Abort_IT
 *fill*         0x00000000080015b2        0x2 
 .text.HAL_GPIO_Init
                0x00000000080015b4      0x334 Drivers/STM32F7xx_HAL_Driver/Src/stm32f7xx_hal_gpio.o
                0x00000000080015b4                HAL_GPIO_Init
 .text.HAL_GPIO_WritePin
                0x00000000080018e8       0x32 Drivers/STM32F7xx_HAL_Driver/Src/stm32f7xx_hal_gpio.o
                0x00000000080018e8                HAL_GPIO_WritePin
 *fill*         0x000000000800191a        0x2 
 .text.HAL_PWREx_EnableOverDrive
                0x000000000800191c       0xa0 Drivers/STM32F7xx_HAL_Driver/Src/stm32f7xx_hal_pwr_ex.o
                0x000000000800191c                HAL_PWREx_EnableOverDrive
 .text.HAL_RCC_OscConfig
                0x00000000080019bc      0x548 Drivers/STM32F7xx_HAL_Driver/Src/stm32f7xx_hal_rcc.o
                0x00000000080019bc                HAL_RCC_OscConfig
 .text.HAL_RCC_ClockConfig
                0x0000000008001f04      0x1d8 Drivers/STM32F7xx_HAL_Driver/Src/stm32f7xx_hal_rcc.o
                0x0000000008001f04                HAL_RCC_ClockConfig
 .text.HAL_RCC_GetSysClockFreq
                0x00000000080020dc      0x164 Drivers/STM32F7xx_HAL_Driver/Src/stm32f7xx_hal_rcc.o
                0x00000000080020dc                HAL_RCC_GetSysClockFreq
 .text.HAL_RCC_GetHCLKFreq
                0x0000000008002240       0x18 Drivers/STM32F7xx_HAL_Driver/Src/stm32f7xx_hal_rcc.o
                0x0000000008002240                HAL_RCC_GetHCLKFreq
 .text.HAL_RCC_GetPCLK1Freq
                0x0000000008002258       0x28 Drivers/STM32F7xx_HAL_Driver/Src/stm32f7xx_hal_rcc.o
                0x0000000008002258                HAL_RCC_GetPCLK1Freq
 .text.HAL_RCC_GetPCLK2Freq
                0x0000000008002280       0x28 Drivers/STM32F7xx_HAL_Driver/Src/stm32f7xx_hal_rcc.o
                0x0000000008002280                HAL_RCC_GetPCLK2Freq
 .text.HAL_RCCEx_PeriphCLKConfig
                0x00000000080022a8      0x690 Drivers/STM32F7xx_HAL_Driver/Src/stm32f7xx_hal_rcc_ex.o
                0x00000000080022a8                HAL_RCCEx_PeriphCLKConfig
 .text.HAL_UART_Init
                0x0000000008002938       0x9c Drivers/STM32F7xx_HAL_Driver/Src/stm32f7xx_hal_uart.o
                0x0000000008002938                HAL_UART_Init
 .text.HAL_UART_Transmit
                0x00000000080029d4      0x122 Drivers/STM32F7xx_HAL_Driver/Src/stm32f7xx_hal_uart.o
                0x00000000080029d4                HAL_UART_Transmit
 *fill*         0x0000000008002af6        0x2 
 .text.HAL_UART_Receive_IT
                0x0000000008002af8      0x144 Drivers/STM32F7xx_HAL_Driver/Src/stm32f7xx_hal_uart.o
                0x0000000008002af8                HAL_UART_Receive_IT
 .text.HAL_UART_IRQHandler
                0x0000000008002c3c      0x264 Drivers/STM32F7xx_HAL_Driver/Src/stm32f7xx_hal_uart.o
                0x0000000008002c3c                HAL_UART_IRQHandler
 .text.HAL_UART_TxCpltCallback
                0x0000000008002ea0       0x14 Drivers/STM32F7xx_HAL_Driver/Src/stm32f7xx_hal_uart.o
                0x0000000008002ea0                HAL_UART_TxCpltCallback
 .text.HAL_UART_ErrorCallback
                0x0000000008002eb4       0x14 Drivers/STM32F7xx_HAL_Driver/Src/stm32f7xx_hal_uart.o
                0x0000000008002eb4                HAL_UART_ErrorCallback
 .text.UART_SetConfig
                0x0000000008002ec8      0x554 Drivers/STM32F7xx_HAL_Driver/Src/stm32f7xx_hal_uart.o
                0x0000000008002ec8                UART_SetConfig
 .text.UART_AdvFeatureConfig
                0x000000000800341c      0x144 Drivers/STM32F7xx_HAL_Driver/Src/stm32f7xx_hal_uart.o
                0x000000000800341c                UART_AdvFeatureConfig
 .text.UART_CheckIdleState
                0x0000000008003560       0x5e Drivers/STM32F7xx_HAL_Driver/Src/stm32f7xx_hal_uart.o
                0x0000000008003560                UART_CheckIdleState
 .text.UART_WaitOnFlagUntilTimeout
                0x00000000080035be       0xf6 Drivers/STM32F7xx_HAL_Driver/Src/stm32f7xx_hal_uart.o
                0x00000000080035be                UART_WaitOnFlagUntilTimeout
 .text.UART_EndRxTransfer
                0x00000000080036b4       0x40 Drivers/STM32F7xx_HAL_Driver/Src/stm32f7xx_hal_uart.o
 .text.UART_DMAAbortOnError
                0x00000000080036f4       0x2c Drivers/STM32F7xx_HAL_Driver/Src/stm32f7xx_hal_uart.o
 .text.UART_EndTransmit_IT
                0x0000000008003720       0x32 Drivers/STM32F7xx_HAL_Driver/Src/stm32f7xx_hal_uart.o
 .text.UART_RxISR_8BIT
                0x0000000008003752       0xa6 Drivers/STM32F7xx_HAL_Driver/Src/stm32f7xx_hal_uart.o
 .text.UART_RxISR_16BIT
                0x00000000080037f8       0xa6 Drivers/STM32F7xx_HAL_Driver/Src/stm32f7xx_hal_uart.o
 *fill*         0x000000000800389e        0x2 
 .text.__libc_init_array
                0x00000000080038a0       0x48 /opt/st/stm32cubeide_1.4.0_2/plugins/com.st.stm32cube.ide.mcu.externaltools.gnu-tools-for-stm32.7-2018-q2-update.linux64_1.4.0.202007081208/tools/bin/../lib/gcc/arm-none-eabi/7.3.1/../../../../arm-none-eabi/lib/thumb/v7e-m/fpv4-sp/hard/libc_nano.a(lib_a-init.o)
                0x00000000080038a0                __libc_init_array
 .text.memset   0x00000000080038e8       0x10 /opt/st/stm32cubeide_1.4.0_2/plugins/com.st.stm32cube.ide.mcu.externaltools.gnu-tools-for-stm32.7-2018-q2-update.linux64_1.4.0.202007081208/tools/bin/../lib/gcc/arm-none-eabi/7.3.1/../../../../arm-none-eabi/lib/thumb/v7e-m/fpv4-sp/hard/libc_nano.a(lib_a-memset.o)
                0x00000000080038e8                memset
 *(.glue_7)
 .glue_7        0x00000000080038f8        0x0 linker stubs
 *(.glue_7t)
 .glue_7t       0x00000000080038f8        0x0 linker stubs
 *(.eh_frame)
 .eh_frame      0x00000000080038f8        0x0 /opt/st/stm32cubeide_1.4.0_2/plugins/com.st.stm32cube.ide.mcu.externaltools.gnu-tools-for-stm32.7-2018-q2-update.linux64_1.4.0.202007081208/tools/bin/../lib/gcc/arm-none-eabi/7.3.1/thumb/v7e-m/fpv4-sp/hard/crtbegin.o
 *(.init)
 .init          0x00000000080038f8        0x4 /opt/st/stm32cubeide_1.4.0_2/plugins/com.st.stm32cube.ide.mcu.externaltools.gnu-tools-for-stm32.7-2018-q2-update.linux64_1.4.0.202007081208/tools/bin/../lib/gcc/arm-none-eabi/7.3.1/thumb/v7e-m/fpv4-sp/hard/crti.o
                0x00000000080038f8                _init
 .init          0x00000000080038fc        0x8 /opt/st/stm32cubeide_1.4.0_2/plugins/com.st.stm32cube.ide.mcu.externaltools.gnu-tools-for-stm32.7-2018-q2-update.linux64_1.4.0.202007081208/tools/bin/../lib/gcc/arm-none-eabi/7.3.1/thumb/v7e-m/fpv4-sp/hard/crtn.o
 *(.fini)
 .fini          0x0000000008003904        0x4 /opt/st/stm32cubeide_1.4.0_2/plugins/com.st.stm32cube.ide.mcu.externaltools.gnu-tools-for-stm32.7-2018-q2-update.linux64_1.4.0.202007081208/tools/bin/../lib/gcc/arm-none-eabi/7.3.1/thumb/v7e-m/fpv4-sp/hard/crti.o
                0x0000000008003904                _fini
 .fini          0x0000000008003908        0x8 /opt/st/stm32cubeide_1.4.0_2/plugins/com.st.stm32cube.ide.mcu.externaltools.gnu-tools-for-stm32.7-2018-q2-update.linux64_1.4.0.202007081208/tools/bin/../lib/gcc/arm-none-eabi/7.3.1/thumb/v7e-m/fpv4-sp/hard/crtn.o
                0x0000000008003910                . = ALIGN (0x4)
                0x0000000008003910                _etext = .

.vfp11_veneer   0x0000000008003910        0x0
 .vfp11_veneer  0x0000000008003910        0x0 linker stubs

.v4_bx          0x0000000008003910        0x0
 .v4_bx         0x0000000008003910        0x0 linker stubs

.iplt           0x0000000008003910        0x0
 .iplt          0x0000000008003910        0x0 /opt/st/stm32cubeide_1.4.0_2/plugins/com.st.stm32cube.ide.mcu.externaltools.gnu-tools-for-stm32.7-2018-q2-update.linux64_1.4.0.202007081208/tools/bin/../lib/gcc/arm-none-eabi/7.3.1/thumb/v7e-m/fpv4-sp/hard/crtbegin.o

.rodata         0x0000000008003910       0x18
                0x0000000008003910                . = ALIGN (0x4)
 *(.rodata)
 *(.rodata*)
 .rodata.AHBPrescTable
                0x0000000008003910       0x10 Core/Src/system_stm32f7xx.o
                0x0000000008003910                AHBPrescTable
 .rodata.APBPrescTable
                0x0000000008003920        0x8 Core/Src/system_stm32f7xx.o
                0x0000000008003920                APBPrescTable
                0x0000000008003928                . = ALIGN (0x4)

.ARM.extab      0x0000000008003928        0x0
                0x0000000008003928                . = ALIGN (0x4)
 *(.ARM.extab* .gnu.linkonce.armextab.*)
                0x0000000008003928                . = ALIGN (0x4)

.ARM            0x0000000008003928        0x8
                0x0000000008003928                . = ALIGN (0x4)
                0x0000000008003928                __exidx_start = .
 *(.ARM.exidx*)
 .ARM.exidx     0x0000000008003928        0x8 /opt/st/stm32cubeide_1.4.0_2/plugins/com.st.stm32cube.ide.mcu.externaltools.gnu-tools-for-stm32.7-2018-q2-update.linux64_1.4.0.202007081208/tools/bin/../lib/gcc/arm-none-eabi/7.3.1/thumb/v7e-m/fpv4-sp/hard/libgcc.a(_udivmoddi4.o)
                0x0000000008003930                __exidx_end = .
                0x0000000008003930                . = ALIGN (0x4)

.rel.dyn        0x0000000008003930        0x0
 .rel.iplt      0x0000000008003930        0x0 /opt/st/stm32cubeide_1.4.0_2/plugins/com.st.stm32cube.ide.mcu.externaltools.gnu-tools-for-stm32.7-2018-q2-update.linux64_1.4.0.202007081208/tools/bin/../lib/gcc/arm-none-eabi/7.3.1/thumb/v7e-m/fpv4-sp/hard/crtbegin.o

.preinit_array  0x0000000008003930        0x0
                0x0000000008003930                . = ALIGN (0x4)
                0x0000000008003930                PROVIDE (__preinit_array_start = .)
 *(.preinit_array*)
                0x0000000008003930                PROVIDE (__preinit_array_end = .)
                0x0000000008003930                . = ALIGN (0x4)

.init_array     0x0000000008003930        0x4
                0x0000000008003930                . = ALIGN (0x4)
                0x0000000008003930                PROVIDE (__init_array_start = .)
 *(SORT_BY_NAME(.init_array.*))
 *(.init_array*)
 .init_array    0x0000000008003930        0x4 /opt/st/stm32cubeide_1.4.0_2/plugins/com.st.stm32cube.ide.mcu.externaltools.gnu-tools-for-stm32.7-2018-q2-update.linux64_1.4.0.202007081208/tools/bin/../lib/gcc/arm-none-eabi/7.3.1/thumb/v7e-m/fpv4-sp/hard/crtbegin.o
                0x0000000008003934                PROVIDE (__init_array_end = .)
                0x0000000008003934                . = ALIGN (0x4)

.fini_array     0x0000000008003934        0x4
                0x0000000008003934                . = ALIGN (0x4)
                [!provide]                        PROVIDE (__fini_array_start = .)
 *(SORT_BY_NAME(.fini_array.*))
 *(.fini_array*)
 .fini_array    0x0000000008003934        0x4 /opt/st/stm32cubeide_1.4.0_2/plugins/com.st.stm32cube.ide.mcu.externaltools.gnu-tools-for-stm32.7-2018-q2-update.linux64_1.4.0.202007081208/tools/bin/../lib/gcc/arm-none-eabi/7.3.1/thumb/v7e-m/fpv4-sp/hard/crtbegin.o
                [!provide]                        PROVIDE (__fini_array_end = .)
                0x0000000008003938                . = ALIGN (0x4)
                0x0000000008003938                _sidata = LOADADDR (.data)

.data           0x0000000020000000        0xc load address 0x0000000008003938
                0x0000000020000000                . = ALIGN (0x4)
                0x0000000020000000                _sdata = .
 *(.data)
 *(.data*)
 .data.SystemCoreClock
                0x0000000020000000        0x4 Core/Src/system_stm32f7xx.o
                0x0000000020000000                SystemCoreClock
 .data.uwTickPrio
                0x0000000020000004        0x4 Drivers/STM32F7xx_HAL_Driver/Src/stm32f7xx_hal.o
                0x0000000020000004                uwTickPrio
 .data.uwTickFreq
                0x0000000020000008        0x1 Drivers/STM32F7xx_HAL_Driver/Src/stm32f7xx_hal.o
                0x0000000020000008                uwTickFreq
                0x000000002000000c                . = ALIGN (0x4)
 *fill*         0x0000000020000009        0x3 
                0x000000002000000c                _edata = .

.igot.plt       0x000000002000000c        0x0 load address 0x0000000008003944
 .igot.plt      0x000000002000000c        0x0 /opt/st/stm32cubeide_1.4.0_2/plugins/com.st.stm32cube.ide.mcu.externaltools.gnu-tools-for-stm32.7-2018-q2-update.linux64_1.4.0.202007081208/tools/bin/../lib/gcc/arm-none-eabi/7.3.1/thumb/v7e-m/fpv4-sp/hard/crtbegin.o
                0x000000002000000c                . = ALIGN (0x4)

.bss            0x000000002000000c      0x660 load address 0x0000000008003944
                0x000000002000000c                _sbss = .
                0x000000002000000c                __bss_start__ = _sbss
 *(.bss)
 .bss           0x000000002000000c       0x1c /opt/st/stm32cubeide_1.4.0_2/plugins/com.st.stm32cube.ide.mcu.externaltools.gnu-tools-for-stm32.7-2018-q2-update.linux64_1.4.0.202007081208/tools/bin/../lib/gcc/arm-none-eabi/7.3.1/thumb/v7e-m/fpv4-sp/hard/crtbegin.o
 *(.bss*)
 .bss.byte      0x0000000020000028        0x1 Core/Src/main.o
                0x0000000020000028                byte
 .bss.command   0x0000000020000029        0x1 Core/Src/main.o
                0x0000000020000029                command
 *fill*         0x000000002000002a        0x2 
 .bss.FifoBuffer
                0x000000002000002c       0x64 Core/Src/main.o
 .bss.pin0StateBuffer
                0x0000000020000090       0x64 Core/Src/main.o
 .bss.pin1StateBuffer
                0x00000000200000f4       0x64 Core/Src/main.o
 .bss.pin2StateBuffer
                0x0000000020000158       0x64 Core/Src/main.o
 .bss.pin3StateBuffer
                0x00000000200001bc       0x64 Core/Src/main.o
 .bss.pin4StateBuffer
                0x0000000020000220       0x64 Core/Src/main.o
 .bss.pin5StateBuffer
                0x0000000020000284       0x64 Core/Src/main.o
 .bss.pin6StateBuffer
                0x00000000200002e8       0x64 Core/Src/main.o
 .bss.pin7StateBuffer
                0x000000002000034c       0x64 Core/Src/main.o
 .bss.timeDelayBuffer
                0x00000000200003b0      0x190 Core/Src/main.o
 *(COMMON)
 COMMON         0x0000000020000540       0xa8 Core/Src/main.o
                0x0000000020000540                g_pin3Fifo
                0x0000000020000550                g_fifo
                0x0000000020000560                g_commandParser
                0x0000000020000568                timeDelayFifo
                0x0000000020000578                g_pin7Fifo
                0x0000000020000588                g_pin2Fifo
                0x0000000020000598                g_pin5Fifo
                0x00000000200005a8                g_pin1Fifo
                0x00000000200005b8                g_pin6Fifo
                0x00000000200005c8                g_pin0Fifo
                0x00000000200005d8                g_pin4Fifo
 COMMON         0x00000000200005e8       0x80 Core/Src/usart.o
                0x00000000200005e8                huart6
 COMMON         0x0000000020000668        0x4 Drivers/STM32F7xx_HAL_Driver/Src/stm32f7xx_hal.o
                0x0000000020000668                uwTick
                0x000000002000066c                . = ALIGN (0x4)
                0x000000002000066c                _ebss = .
                0x000000002000066c                __bss_end__ = _ebss

._user_heap_stack
                0x000000002000066c      0x604 load address 0x0000000008003944
                0x0000000020000670                . = ALIGN (0x8)
 *fill*         0x000000002000066c        0x4 
                [!provide]                        PROVIDE (end = .)
                0x0000000020000670                PROVIDE (_end = .)
                0x0000000020000870                . = (. + _Min_Heap_Size)
 *fill*         0x0000000020000670      0x200 
                0x0000000020000c70                . = (. + _Min_Stack_Size)
 *fill*         0x0000000020000870      0x400 
                0x0000000020000c70                . = ALIGN (0x8)

/DISCARD/
 libc.a(*)
 libm.a(*)
 libgcc.a(*)

.ARM.attributes
                0x0000000000000000       0x30
 *(.ARM.attributes)
 .ARM.attributes
                0x0000000000000000       0x22 /opt/st/stm32cubeide_1.4.0_2/plugins/com.st.stm32cube.ide.mcu.externaltools.gnu-tools-for-stm32.7-2018-q2-update.linux64_1.4.0.202007081208/tools/bin/../lib/gcc/arm-none-eabi/7.3.1/thumb/v7e-m/fpv4-sp/hard/crti.o
 .ARM.attributes
                0x0000000000000022       0x34 /opt/st/stm32cubeide_1.4.0_2/plugins/com.st.stm32cube.ide.mcu.externaltools.gnu-tools-for-stm32.7-2018-q2-update.linux64_1.4.0.202007081208/tools/bin/../lib/gcc/arm-none-eabi/7.3.1/thumb/v7e-m/fpv4-sp/hard/crtbegin.o
 .ARM.attributes
                0x0000000000000056       0x39 Core/Src/commandparser.o
 .ARM.attributes
                0x000000000000008f       0x39 Core/Src/fifo.o
 .ARM.attributes
                0x00000000000000c8       0x39 Core/Src/gpio.o
 .ARM.attributes
                0x0000000000000101       0x39 Core/Src/main.o
 .ARM.attributes
                0x000000000000013a       0x39 Core/Src/stm32f7xx_hal_msp.o
 .ARM.attributes
                0x0000000000000173       0x39 Core/Src/stm32f7xx_it.o
 .ARM.attributes
                0x00000000000001ac       0x39 Core/Src/system_stm32f7xx.o
 .ARM.attributes
                0x00000000000001e5       0x39 Core/Src/usart.o
 .ARM.attributes
                0x000000000000021e       0x21 Core/Startup/startup_stm32f723iekx.o
 .ARM.attributes
                0x000000000000023f       0x39 Drivers/STM32F7xx_HAL_Driver/Src/stm32f7xx_hal.o
 .ARM.attributes
                0x0000000000000278       0x39 Drivers/STM32F7xx_HAL_Driver/Src/stm32f7xx_hal_cortex.o
 .ARM.attributes
                0x00000000000002b1       0x39 Drivers/STM32F7xx_HAL_Driver/Src/stm32f7xx_hal_dma.o
 .ARM.attributes
                0x00000000000002ea       0x39 Drivers/STM32F7xx_HAL_Driver/Src/stm32f7xx_hal_gpio.o
 .ARM.attributes
                0x0000000000000323       0x39 Drivers/STM32F7xx_HAL_Driver/Src/stm32f7xx_hal_pwr_ex.o
 .ARM.attributes
                0x000000000000035c       0x39 Drivers/STM32F7xx_HAL_Driver/Src/stm32f7xx_hal_rcc.o
 .ARM.attributes
                0x0000000000000395       0x39 Drivers/STM32F7xx_HAL_Driver/Src/stm32f7xx_hal_rcc_ex.o
 .ARM.attributes
                0x00000000000003ce       0x39 Drivers/STM32F7xx_HAL_Driver/Src/stm32f7xx_hal_uart.o
 .ARM.attributes
                0x0000000000000407       0x34 /opt/st/stm32cubeide_1.4.0_2/plugins/com.st.stm32cube.ide.mcu.externaltools.gnu-tools-for-stm32.7-2018-q2-update.linux64_1.4.0.202007081208/tools/bin/../lib/gcc/arm-none-eabi/7.3.1/../../../../arm-none-eabi/lib/thumb/v7e-m/fpv4-sp/hard/libc_nano.a(lib_a-init.o)
 .ARM.attributes
                0x000000000000043b       0x34 /opt/st/stm32cubeide_1.4.0_2/plugins/com.st.stm32cube.ide.mcu.externaltools.gnu-tools-for-stm32.7-2018-q2-update.linux64_1.4.0.202007081208/tools/bin/../lib/gcc/arm-none-eabi/7.3.1/../../../../arm-none-eabi/lib/thumb/v7e-m/fpv4-sp/hard/libc_nano.a(lib_a-memset.o)
 .ARM.attributes
                0x000000000000046f       0x22 /opt/st/stm32cubeide_1.4.0_2/plugins/com.st.stm32cube.ide.mcu.externaltools.gnu-tools-for-stm32.7-2018-q2-update.linux64_1.4.0.202007081208/tools/bin/../lib/gcc/arm-none-eabi/7.3.1/thumb/v7e-m/fpv4-sp/hard/libgcc.a(_aeabi_uldivmod.o)
 .ARM.attributes
                0x0000000000000491       0x34 /opt/st/stm32cubeide_1.4.0_2/plugins/com.st.stm32cube.ide.mcu.externaltools.gnu-tools-for-stm32.7-2018-q2-update.linux64_1.4.0.202007081208/tools/bin/../lib/gcc/arm-none-eabi/7.3.1/thumb/v7e-m/fpv4-sp/hard/libgcc.a(_udivmoddi4.o)
 .ARM.attributes
                0x00000000000004c5       0x22 /opt/st/stm32cubeide_1.4.0_2/plugins/com.st.stm32cube.ide.mcu.externaltools.gnu-tools-for-stm32.7-2018-q2-update.linux64_1.4.0.202007081208/tools/bin/../lib/gcc/arm-none-eabi/7.3.1/thumb/v7e-m/fpv4-sp/hard/libgcc.a(_dvmd_tls.o)
 .ARM.attributes
                0x00000000000004e7       0x22 /opt/st/stm32cubeide_1.4.0_2/plugins/com.st.stm32cube.ide.mcu.externaltools.gnu-tools-for-stm32.7-2018-q2-update.linux64_1.4.0.202007081208/tools/bin/../lib/gcc/arm-none-eabi/7.3.1/thumb/v7e-m/fpv4-sp/hard/crtn.o
OUTPUT(GpioToggleDevice.elf elf32-littlearm)

.debug_info     0x0000000000000000     0x957f
 .debug_info    0x0000000000000000      0x1b4 Core/Src/commandparser.o
 .debug_info    0x00000000000001b4      0x1b1 Core/Src/fifo.o
 .debug_info    0x0000000000000365      0x4f1 Core/Src/gpio.o
 .debug_info    0x0000000000000856     0x1278 Core/Src/main.o
 .debug_info    0x0000000000001ace      0x389 Core/Src/stm32f7xx_hal_msp.o
 .debug_info    0x0000000000001e57      0x75c Core/Src/stm32f7xx_it.o
 .debug_info    0x00000000000025b3      0x73d Core/Src/system_stm32f7xx.o
 .debug_info    0x0000000000002cf0      0xc84 Core/Src/usart.o
 .debug_info    0x0000000000003974       0x22 Core/Startup/startup_stm32f723iekx.o
 .debug_info    0x0000000000003996      0x98b Drivers/STM32F7xx_HAL_Driver/Src/stm32f7xx_hal.o
 .debug_info    0x0000000000004321     0x1002 Drivers/STM32F7xx_HAL_Driver/Src/stm32f7xx_hal_cortex.o
 .debug_info    0x0000000000005323      0x968 Drivers/STM32F7xx_HAL_Driver/Src/stm32f7xx_hal_dma.o
 .debug_info    0x0000000000005c8b      0x7dc Drivers/STM32F7xx_HAL_Driver/Src/stm32f7xx_hal_gpio.o
 .debug_info    0x0000000000006467      0x96b Drivers/STM32F7xx_HAL_Driver/Src/stm32f7xx_hal_pwr_ex.o
 .debug_info    0x0000000000006dd2      0x942 Drivers/STM32F7xx_HAL_Driver/Src/stm32f7xx_hal_rcc.o
 .debug_info    0x0000000000007714      0x79a Drivers/STM32F7xx_HAL_Driver/Src/stm32f7xx_hal_rcc_ex.o
 .debug_info    0x0000000000007eae     0x16d1 Drivers/STM32F7xx_HAL_Driver/Src/stm32f7xx_hal_uart.o

.debug_abbrev   0x0000000000000000     0x1a4d
 .debug_abbrev  0x0000000000000000       0xb3 Core/Src/commandparser.o
 .debug_abbrev  0x00000000000000b3       0xcd Core/Src/fifo.o
 .debug_abbrev  0x0000000000000180      0x134 Core/Src/gpio.o
 .debug_abbrev  0x00000000000002b4      0x233 Core/Src/main.o
 .debug_abbrev  0x00000000000004e7      0x109 Core/Src/stm32f7xx_hal_msp.o
 .debug_abbrev  0x00000000000005f0      0x149 Core/Src/stm32f7xx_it.o
 .debug_abbrev  0x0000000000000739      0x147 Core/Src/system_stm32f7xx.o
 .debug_abbrev  0x0000000000000880      0x1a2 Core/Src/usart.o
 .debug_abbrev  0x0000000000000a22       0x12 Core/Startup/startup_stm32f723iekx.o
 .debug_abbrev  0x0000000000000a34      0x1c7 Drivers/STM32F7xx_HAL_Driver/Src/stm32f7xx_hal.o
 .debug_abbrev  0x0000000000000bfb      0x2fa Drivers/STM32F7xx_HAL_Driver/Src/stm32f7xx_hal_cortex.o
 .debug_abbrev  0x0000000000000ef5      0x229 Drivers/STM32F7xx_HAL_Driver/Src/stm32f7xx_hal_dma.o
 .debug_abbrev  0x000000000000111e      0x1c9 Drivers/STM32F7xx_HAL_Driver/Src/stm32f7xx_hal_gpio.o
 .debug_abbrev  0x00000000000012e7      0x1b8 Drivers/STM32F7xx_HAL_Driver/Src/stm32f7xx_hal_pwr_ex.o
 .debug_abbrev  0x000000000000149f      0x21a Drivers/STM32F7xx_HAL_Driver/Src/stm32f7xx_hal_rcc.o
 .debug_abbrev  0x00000000000016b9      0x18f Drivers/STM32F7xx_HAL_Driver/Src/stm32f7xx_hal_rcc_ex.o
 .debug_abbrev  0x0000000000001848      0x205 Drivers/STM32F7xx_HAL_Driver/Src/stm32f7xx_hal_uart.o

.debug_aranges  0x0000000000000000      0x870
 .debug_aranges
                0x0000000000000000       0x28 Core/Src/commandparser.o
 .debug_aranges
                0x0000000000000028       0x38 Core/Src/fifo.o
 .debug_aranges
                0x0000000000000060       0x20 Core/Src/gpio.o
 .debug_aranges
                0x0000000000000080       0x80 Core/Src/main.o
 .debug_aranges
                0x0000000000000100       0x20 Core/Src/stm32f7xx_hal_msp.o
 .debug_aranges
                0x0000000000000120       0x68 Core/Src/stm32f7xx_it.o
 .debug_aranges
                0x0000000000000188       0x28 Core/Src/system_stm32f7xx.o
 .debug_aranges
                0x00000000000001b0       0x30 Core/Src/usart.o
 .debug_aranges
                0x00000000000001e0       0x28 Core/Startup/startup_stm32f723iekx.o
 .debug_aranges
                0x0000000000000208      0x100 Drivers/STM32F7xx_HAL_Driver/Src/stm32f7xx_hal.o
 .debug_aranges
                0x0000000000000308      0x118 Drivers/STM32F7xx_HAL_Driver/Src/stm32f7xx_hal_cortex.o
 .debug_aranges
                0x0000000000000420       0x90 Drivers/STM32F7xx_HAL_Driver/Src/stm32f7xx_hal_dma.o
 .debug_aranges
                0x00000000000004b0       0x58 Drivers/STM32F7xx_HAL_Driver/Src/stm32f7xx_hal_gpio.o
 .debug_aranges
                0x0000000000000508       0x80 Drivers/STM32F7xx_HAL_Driver/Src/stm32f7xx_hal_pwr_ex.o
 .debug_aranges
                0x0000000000000588       0x88 Drivers/STM32F7xx_HAL_Driver/Src/stm32f7xx_hal_rcc.o
 .debug_aranges
                0x0000000000000610       0x50 Drivers/STM32F7xx_HAL_Driver/Src/stm32f7xx_hal_rcc_ex.o
 .debug_aranges
                0x0000000000000660      0x210 Drivers/STM32F7xx_HAL_Driver/Src/stm32f7xx_hal_uart.o

.debug_ranges   0x0000000000000000      0x768
 .debug_ranges  0x0000000000000000       0x18 Core/Src/commandparser.o
 .debug_ranges  0x0000000000000018       0x28 Core/Src/fifo.o
 .debug_ranges  0x0000000000000040       0x10 Core/Src/gpio.o
 .debug_ranges  0x0000000000000050       0x70 Core/Src/main.o
 .debug_ranges  0x00000000000000c0       0x10 Core/Src/stm32f7xx_hal_msp.o
 .debug_ranges  0x00000000000000d0       0x58 Core/Src/stm32f7xx_it.o
 .debug_ranges  0x0000000000000128       0x18 Core/Src/system_stm32f7xx.o
 .debug_ranges  0x0000000000000140       0x20 Core/Src/usart.o
 .debug_ranges  0x0000000000000160       0x20 Core/Startup/startup_stm32f723iekx.o
 .debug_ranges  0x0000000000000180       0xf0 Drivers/STM32F7xx_HAL_Driver/Src/stm32f7xx_hal.o
 .debug_ranges  0x0000000000000270      0x108 Drivers/STM32F7xx_HAL_Driver/Src/stm32f7xx_hal_cortex.o
 .debug_ranges  0x0000000000000378       0x80 Drivers/STM32F7xx_HAL_Driver/Src/stm32f7xx_hal_dma.o
 .debug_ranges  0x00000000000003f8       0x48 Drivers/STM32F7xx_HAL_Driver/Src/stm32f7xx_hal_gpio.o
 .debug_ranges  0x0000000000000440       0x70 Drivers/STM32F7xx_HAL_Driver/Src/stm32f7xx_hal_pwr_ex.o
 .debug_ranges  0x00000000000004b0       0x78 Drivers/STM32F7xx_HAL_Driver/Src/stm32f7xx_hal_rcc.o
 .debug_ranges  0x0000000000000528       0x40 Drivers/STM32F7xx_HAL_Driver/Src/stm32f7xx_hal_rcc_ex.o
 .debug_ranges  0x0000000000000568      0x200 Drivers/STM32F7xx_HAL_Driver/Src/stm32f7xx_hal_uart.o

.debug_macro    0x0000000000000000    0x2109e
 .debug_macro   0x0000000000000000       0x6b Core/Src/commandparser.o
 .debug_macro   0x000000000000006b      0xa5a Core/Src/commandparser.o
 .debug_macro   0x0000000000000ac5       0x22 Core/Src/commandparser.o
 .debug_macro   0x0000000000000ae7       0x8e Core/Src/commandparser.o
 .debug_macro   0x0000000000000b75       0x51 Core/Src/commandparser.o
 .debug_macro   0x0000000000000bc6       0xef Core/Src/commandparser.o
 .debug_macro   0x0000000000000cb5       0x6a Core/Src/commandparser.o
 .debug_macro   0x0000000000000d1f      0x1df Core/Src/commandparser.o
 .debug_macro   0x0000000000000efe       0x67 Core/Src/fifo.o
 .debug_macro   0x0000000000000f65      0x1e7 Core/Src/gpio.o
 .debug_macro   0x000000000000114c      0x28d Core/Src/gpio.o
 .debug_macro   0x00000000000013d9       0x2e Core/Src/gpio.o
 .debug_macro   0x0000000000001407       0x3b Core/Src/gpio.o
 .debug_macro   0x0000000000001442       0x1c Core/Src/gpio.o
 .debug_macro   0x000000000000145e       0x22 Core/Src/gpio.o
 .debug_macro   0x0000000000001480       0xdf Core/Src/gpio.o
 .debug_macro   0x000000000000155f     0x12cd Core/Src/gpio.o
 .debug_macro   0x000000000000282c      0x11f Core/Src/gpio.o
 .debug_macro   0x000000000000294b       0x19 Core/Src/gpio.o
 .debug_macro   0x0000000000002964    0x15e5f Core/Src/gpio.o
 .debug_macro   0x00000000000187c3       0x43 Core/Src/gpio.o
 .debug_macro   0x0000000000018806     0x36b4 Core/Src/gpio.o
 .debug_macro   0x000000000001beba      0x174 Core/Src/gpio.o
 .debug_macro   0x000000000001c02e       0x61 Core/Src/gpio.o
 .debug_macro   0x000000000001c08f     0x15b2 Core/Src/gpio.o
 .debug_macro   0x000000000001d641      0x6c4 Core/Src/gpio.o
 .debug_macro   0x000000000001dd05      0x17e Core/Src/gpio.o
 .debug_macro   0x000000000001de83      0x117 Core/Src/gpio.o
 .debug_macro   0x000000000001df9a      0x1d8 Core/Src/gpio.o
 .debug_macro   0x000000000001e172       0x27 Core/Src/gpio.o
 .debug_macro   0x000000000001e199      0x24f Core/Src/gpio.o
 .debug_macro   0x000000000001e3e8       0x71 Core/Src/gpio.o
 .debug_macro   0x000000000001e459       0x58 Core/Src/gpio.o
 .debug_macro   0x000000000001e4b1      0x236 Core/Src/gpio.o
 .debug_macro   0x000000000001e6e7      0x154 Core/Src/gpio.o
 .debug_macro   0x000000000001e83b      0x2c4 Core/Src/gpio.o
 .debug_macro   0x000000000001eaff       0x12 Core/Src/gpio.o
 .debug_macro   0x000000000001eb11      0x22c Core/Src/gpio.o
 .debug_macro   0x000000000001ed3d       0x61 Core/Src/gpio.o
 .debug_macro   0x000000000001ed9e       0xa5 Core/Src/gpio.o
 .debug_macro   0x000000000001ee43      0x12f Core/Src/gpio.o
 .debug_macro   0x000000000001ef72      0x108 Core/Src/gpio.o
 .debug_macro   0x000000000001f07a       0x35 Core/Src/gpio.o
 .debug_macro   0x000000000001f0af      0x53c Core/Src/gpio.o
 .debug_macro   0x000000000001f5eb       0x44 Core/Src/gpio.o
 .debug_macro   0x000000000001f62f      0x14e Core/Src/gpio.o
 .debug_macro   0x000000000001f77d       0x70 Core/Src/gpio.o
 .debug_macro   0x000000000001f7ed      0x209 Core/Src/main.o
 .debug_macro   0x000000000001f9f6      0x1dd Core/Src/stm32f7xx_hal_msp.o
 .debug_macro   0x000000000001fbd3      0x1e7 Core/Src/stm32f7xx_it.o
 .debug_macro   0x000000000001fdba      0x1d4 Core/Src/system_stm32f7xx.o
 .debug_macro   0x000000000001ff8e      0x1e7 Core/Src/usart.o
 .debug_macro   0x0000000000020175      0x1f2 Drivers/STM32F7xx_HAL_Driver/Src/stm32f7xx_hal.o
 .debug_macro   0x0000000000020367      0x1ce Drivers/STM32F7xx_HAL_Driver/Src/stm32f7xx_hal_cortex.o
 .debug_macro   0x0000000000020535      0x1d4 Drivers/STM32F7xx_HAL_Driver/Src/stm32f7xx_hal_dma.o
 .debug_macro   0x0000000000020709      0x204 Drivers/STM32F7xx_HAL_Driver/Src/stm32f7xx_hal_gpio.o
 .debug_macro   0x000000000002090d      0x1e6 Drivers/STM32F7xx_HAL_Driver/Src/stm32f7xx_hal_pwr_ex.o
 .debug_macro   0x0000000000020af3      0x1f2 Drivers/STM32F7xx_HAL_Driver/Src/stm32f7xx_hal_rcc.o
 .debug_macro   0x0000000000020ce5      0x1ce Drivers/STM32F7xx_HAL_Driver/Src/stm32f7xx_hal_rcc_ex.o
 .debug_macro   0x0000000000020eb3      0x1eb Drivers/STM32F7xx_HAL_Driver/Src/stm32f7xx_hal_uart.o

.debug_line     0x0000000000000000     0x8304
 .debug_line    0x0000000000000000      0x3c4 Core/Src/commandparser.o
 .debug_line    0x00000000000003c4      0x3b7 Core/Src/fifo.o
 .debug_line    0x000000000000077b      0x6b2 Core/Src/gpio.o
 .debug_line    0x0000000000000e2d      0x845 Core/Src/main.o
 .debug_line    0x0000000000001672      0x69f Core/Src/stm32f7xx_hal_msp.o
 .debug_line    0x0000000000001d11      0x755 Core/Src/stm32f7xx_it.o
 .debug_line    0x0000000000002466      0x6b8 Core/Src/system_stm32f7xx.o
 .debug_line    0x0000000000002b1e      0x6d8 Core/Src/usart.o
 .debug_line    0x00000000000031f6       0x85 Core/Startup/startup_stm32f723iekx.o
 .debug_line    0x000000000000327b      0x8c7 Drivers/STM32F7xx_HAL_Driver/Src/stm32f7xx_hal.o
 .debug_line    0x0000000000003b42      0x9c8 Drivers/STM32F7xx_HAL_Driver/Src/stm32f7xx_hal_cortex.o
 .debug_line    0x000000000000450a      0x973 Drivers/STM32F7xx_HAL_Driver/Src/stm32f7xx_hal_dma.o
 .debug_line    0x0000000000004e7d      0x884 Drivers/STM32F7xx_HAL_Driver/Src/stm32f7xx_hal_gpio.o
 .debug_line    0x0000000000005701      0x7e8 Drivers/STM32F7xx_HAL_Driver/Src/stm32f7xx_hal_pwr_ex.o
 .debug_line    0x0000000000005ee9      0x93d Drivers/STM32F7xx_HAL_Driver/Src/stm32f7xx_hal_rcc.o
 .debug_line    0x0000000000006826      0x890 Drivers/STM32F7xx_HAL_Driver/Src/stm32f7xx_hal_rcc_ex.o
 .debug_line    0x00000000000070b6     0x124e Drivers/STM32F7xx_HAL_Driver/Src/stm32f7xx_hal_uart.o

.debug_str      0x0000000000000000    0xce6f6
 .debug_str     0x0000000000000000     0x3b53 Core/Src/commandparser.o
                                       0x3ce5 (size before relaxing)
 .debug_str     0x0000000000003b53       0x4b Core/Src/fifo.o
                                       0x3c90 (size before relaxing)
 .debug_str     0x0000000000003b9e    0xc7ee0 Core/Src/gpio.o
                                      0xcc041 (size before relaxing)
 .debug_str     0x00000000000cba7e      0xa4a Core/Src/main.o
                                      0xccbaf (size before relaxing)
 .debug_str     0x00000000000cc4c8       0x2c Core/Src/stm32f7xx_hal_msp.o
                                      0xcbfc2 (size before relaxing)
 .debug_str     0x00000000000cc4f4       0xcf Core/Src/stm32f7xx_it.o
                                      0xcc388 (size before relaxing)
 .debug_str     0x00000000000cc5c3      0x18d Core/Src/system_stm32f7xx.o
                                      0xcbf1d (size before relaxing)
 .debug_str     0x00000000000cc750      0x553 Core/Src/usart.o
                                      0xcc9da (size before relaxing)
 .debug_str     0x00000000000ccca3       0x36 Core/Startup/startup_stm32f723iekx.o
                                         0x6d (size before relaxing)
 .debug_str     0x00000000000cccd9      0x38c Drivers/STM32F7xx_HAL_Driver/Src/stm32f7xx_hal.o
                                      0xcc73d (size before relaxing)
 .debug_str     0x00000000000cd065      0x38f Drivers/STM32F7xx_HAL_Driver/Src/stm32f7xx_hal_cortex.o
                                      0xcc7e4 (size before relaxing)
 .debug_str     0x00000000000cd3f4      0x333 Drivers/STM32F7xx_HAL_Driver/Src/stm32f7xx_hal_dma.o
                                      0xcc257 (size before relaxing)
 .debug_str     0x00000000000cd727      0x244 Drivers/STM32F7xx_HAL_Driver/Src/stm32f7xx_hal_gpio.o
                                      0xcc0f3 (size before relaxing)
 .debug_str     0x00000000000cd96b      0x1d1 Drivers/STM32F7xx_HAL_Driver/Src/stm32f7xx_hal_pwr_ex.o
                                      0xcc197 (size before relaxing)
 .debug_str     0x00000000000cdb3c      0x27f Drivers/STM32F7xx_HAL_Driver/Src/stm32f7xx_hal_rcc.o
                                      0xcc23f (size before relaxing)
 .debug_str     0x00000000000cddbb      0x159 Drivers/STM32F7xx_HAL_Driver/Src/stm32f7xx_hal_rcc_ex.o
                                      0xcc1bf (size before relaxing)
 .debug_str     0x00000000000cdf14      0x7e2 Drivers/STM32F7xx_HAL_Driver/Src/stm32f7xx_hal_uart.o
                                      0xcca7c (size before relaxing)

.comment        0x0000000000000000       0x7b
 .comment       0x0000000000000000       0x7b Core/Src/commandparser.o
                                         0x7c (size before relaxing)
 .comment       0x000000000000007b       0x7c Core/Src/fifo.o
 .comment       0x000000000000007b       0x7c Core/Src/gpio.o
 .comment       0x000000000000007b       0x7c Core/Src/main.o
 .comment       0x000000000000007b       0x7c Core/Src/stm32f7xx_hal_msp.o
 .comment       0x000000000000007b       0x7c Core/Src/stm32f7xx_it.o
 .comment       0x000000000000007b       0x7c Core/Src/system_stm32f7xx.o
 .comment       0x000000000000007b       0x7c Core/Src/usart.o
 .comment       0x000000000000007b       0x7c Drivers/STM32F7xx_HAL_Driver/Src/stm32f7xx_hal.o
 .comment       0x000000000000007b       0x7c Drivers/STM32F7xx_HAL_Driver/Src/stm32f7xx_hal_cortex.o
 .comment       0x000000000000007b       0x7c Drivers/STM32F7xx_HAL_Driver/Src/stm32f7xx_hal_dma.o
 .comment       0x000000000000007b       0x7c Drivers/STM32F7xx_HAL_Driver/Src/stm32f7xx_hal_gpio.o
 .comment       0x000000000000007b       0x7c Drivers/STM32F7xx_HAL_Driver/Src/stm32f7xx_hal_pwr_ex.o
 .comment       0x000000000000007b       0x7c Drivers/STM32F7xx_HAL_Driver/Src/stm32f7xx_hal_rcc.o
 .comment       0x000000000000007b       0x7c Drivers/STM32F7xx_HAL_Driver/Src/stm32f7xx_hal_rcc_ex.o
 .comment       0x000000000000007b       0x7c Drivers/STM32F7xx_HAL_Driver/Src/stm32f7xx_hal_uart.o

.debug_frame    0x0000000000000000     0x2014
 .debug_frame   0x0000000000000000       0x5c Core/Src/commandparser.o
 .debug_frame   0x000000000000005c       0xb0 Core/Src/fifo.o
 .debug_frame   0x000000000000010c       0x34 Core/Src/gpio.o
 .debug_frame   0x0000000000000140      0x1d4 Core/Src/main.o
 .debug_frame   0x0000000000000314       0x38 Core/Src/stm32f7xx_hal_msp.o
 .debug_frame   0x000000000000034c      0x128 Core/Src/stm32f7xx_it.o
 .debug_frame   0x0000000000000474       0x58 Core/Src/system_stm32f7xx.o
 .debug_frame   0x00000000000004cc       0x74 Core/Src/usart.o
 .debug_frame   0x0000000000000540      0x3b4 Drivers/STM32F7xx_HAL_Driver/Src/stm32f7xx_hal.o
 .debug_frame   0x00000000000008f4      0x498 Drivers/STM32F7xx_HAL_Driver/Src/stm32f7xx_hal_cortex.o
 .debug_frame   0x0000000000000d8c      0x250 Drivers/STM32F7xx_HAL_Driver/Src/stm32f7xx_hal_dma.o
 .debug_frame   0x0000000000000fdc      0x14c Drivers/STM32F7xx_HAL_Driver/Src/stm32f7xx_hal_gpio.o
 .debug_frame   0x0000000000001128      0x1c8 Drivers/STM32F7xx_HAL_Driver/Src/stm32f7xx_hal_pwr_ex.o
 .debug_frame   0x00000000000012f0      0x1f4 Drivers/STM32F7xx_HAL_Driver/Src/stm32f7xx_hal_rcc.o
 .debug_frame   0x00000000000014e4      0x118 Drivers/STM32F7xx_HAL_Driver/Src/stm32f7xx_hal_rcc_ex.o
 .debug_frame   0x00000000000015fc      0x96c Drivers/STM32F7xx_HAL_Driver/Src/stm32f7xx_hal_uart.o
 .debug_frame   0x0000000000001f68       0x2c /opt/st/stm32cubeide_1.4.0_2/plugins/com.st.stm32cube.ide.mcu.externaltools.gnu-tools-for-stm32.7-2018-q2-update.linux64_1.4.0.202007081208/tools/bin/../lib/gcc/arm-none-eabi/7.3.1/../../../../arm-none-eabi/lib/thumb/v7e-m/fpv4-sp/hard/libc_nano.a(lib_a-init.o)
 .debug_frame   0x0000000000001f94       0x20 /opt/st/stm32cubeide_1.4.0_2/plugins/com.st.stm32cube.ide.mcu.externaltools.gnu-tools-for-stm32.7-2018-q2-update.linux64_1.4.0.202007081208/tools/bin/../lib/gcc/arm-none-eabi/7.3.1/../../../../arm-none-eabi/lib/thumb/v7e-m/fpv4-sp/hard/libc_nano.a(lib_a-memset.o)
 .debug_frame   0x0000000000001fb4       0x2c /opt/st/stm32cubeide_1.4.0_2/plugins/com.st.stm32cube.ide.mcu.externaltools.gnu-tools-for-stm32.7-2018-q2-update.linux64_1.4.0.202007081208/tools/bin/../lib/gcc/arm-none-eabi/7.3.1/thumb/v7e-m/fpv4-sp/hard/libgcc.a(_aeabi_uldivmod.o)
 .debug_frame   0x0000000000001fe0       0x34 /opt/st/stm32cubeide_1.4.0_2/plugins/com.st.stm32cube.ide.mcu.externaltools.gnu-tools-for-stm32.7-2018-q2-update.linux64_1.4.0.202007081208/tools/bin/../lib/gcc/arm-none-eabi/7.3.1/thumb/v7e-m/fpv4-sp/hard/libgcc.a(_udivmoddi4.o)
